2026-10-02 11:26:27.581 [main] INFO  Freerouting v1.9.0 (build-date: 2023-10-30)
2026-10-02 11:26:27.736 [main] ERROR 
No X11 DISPLAY variable was set,
or no headful library support was found,
but this program performed an operation which requires it.
java.awt.HeadlessException: 
No X11 DISPLAY variable was set,
or no headful library support was found,
but this program performed an operation which requires it.
	at sun.awt.HeadlessToolkit.getScreenSize(HeadlessToolkit.java:186) ~[?:?]
	at app.freerouting.gui.MainApplication.main(MainApplication.java:269) ~[freerouting-1.9.0.jar:unspecified]
2026-10-02 11:26:27.763 [main] ERROR Exception in FRAnalytics.trackAnonymousAction: Cannot invoke "app.freerouting.management.SegmentClient.track(String, String, String, app.freerouting.management.segment.Properties)" because "app.freerouting.management.FRAnalytics.analytics" is null
java.lang.NullPointerException: Cannot invoke "app.freerouting.management.SegmentClient.track(String, String, String, app.freerouting.management.segment.Properties)" because "app.freerouting.management.FRAnalytics.analytics" is null
	at app.freerouting.management.FRAnalytics.trackAnonymousAction(FRAnalytics.java:139) [freerouting-1.9.0.jar:unspecified]
	at app.freerouting.management.FRAnalytics.exceptionThrown(FRAnalytics.java:323) [freerouting-1.9.0.jar:unspecified]
	at app.freerouting.gui.DefaultExceptionHandler.handleException(DefaultExceptionHandler.java:15) [freerouting-1.9.0.jar:unspecified]
	at app.freerouting.gui.DefaultExceptionHandler.uncaughtException(DefaultExceptionHandler.java:29) [freerouting-1.9.0.jar:unspecified]
	at java.lang.ThreadGroup.uncaughtException(ThreadGroup.java:695) [?:?]
	at java.lang.ThreadGroup.uncaughtException(ThreadGroup.java:690) [?:?]
	at java.lang.Thread.dispatchUncaughtException(Thread.java:2902) [?:?]
2026-10-02 11:26:38.287 [main] INFO  Freerouting v1.9.0 (build-date: 2023-10-30)
2026-10-02 11:26:38.401 [main] INFO  Settings were loaded from freerouting.json
2026-10-02 11:26:39.476 [main] INFO  Opening '/home/user/Struthio/handheld/pcb/one/out/one.dsn'...
2026-10-02 11:26:42.656 [Thread-21] INFO  Starting auto-routing...
2026-10-02 11:27:24.769 [Thread-21] INFO  Auto-routing was completed in 42.11 seconds.
2026-10-02 11:27:24.871 [Thread-21] INFO  Starting route optimization on 1 thread...
2026-10-02 11:27:24.880 [Thread-21] INFO  Route optimization was completed in 0.01 seconds.
2026-10-02 11:27:24.893 [Thread-21] INFO  Saving '/home/user/Struthio/handheld/pcb/one/out/one.ses'...
2026-10-02 11:31:17.397 [main] INFO  Freerouting v1.9.0 (build-date: 2023-10-30)
2026-10-02 11:31:17.466 [main] INFO  Settings were loaded from freerouting.json
2026-10-02 11:31:18.504 [main] INFO  Opening '/home/user/Struthio/handheld/pcb/one/out/one.dsn'...
2026-10-02 11:31:20.112 [Thread-21] INFO  Starting auto-routing...
2026-10-02 11:31:58.783 [Thread-21] INFO  Auto-routing was completed in 38.67 seconds.
2026-10-02 11:31:58.885 [Thread-21] INFO  Starting route optimization on 1 thread...
2026-10-02 11:31:58.892 [Thread-21] INFO  Route optimization was completed in 0.01 seconds.
2026-10-02 11:31:58.901 [Thread-21] INFO  Saving '/home/user/Struthio/handheld/pcb/one/out/one.ses'...
