** Drc report for /home/user/Struthio/handheld/pcb/slim/out/struthio_one_slim.kicad_pcb **
** Created on 2026-10-02 23:42:38 **

** Found 9 DRC violations **
[silk_over_copper]: Silkscreen clipped by solder mask
    Local override; Severity: warning
    @(105.0000 mm, 141.4000 mm): PCB Text 'BATTERY' on F.Silkscreen
[lib_footprint_issues]: The current configuration does not include the library 'STRUTHIO'.
    Local override; Severity: warning
    @(118.0000 mm, 141.7000 mm): Footprint SW2
[lib_footprint_issues]: The current configuration does not include the library 'STRUTHIO'.
    Local override; Severity: warning
    @(82.0000 mm, 141.7000 mm): Footprint SW1
[lib_footprint_issues]: The current configuration does not include the library 'STRUTHIO'.
    Local override; Severity: warning
    @(84.0000 mm, 159.0000 mm): Footprint SW3
[lib_footprint_issues]: The current configuration does not include the library 'STRUTHIO'.
    Local override; Severity: warning
    @(123.2000 mm, 90.0300 mm): Footprint J1B
[lib_footprint_issues]: The current configuration does not include the library ''.
    Local override; Severity: warning
    @(93.0000 mm, 138.0000 mm): Footprint Q1
[lib_footprint_issues]: The current configuration does not include the library 'STRUTHIO'.
    Local override; Severity: warning
    @(116.0000 mm, 159.0000 mm): Footprint SW4
[lib_footprint_issues]: The current configuration does not include the library 'STRUTHIO'.
    Local override; Severity: warning
    @(123.2000 mm, 72.2500 mm): Footprint J1A
[lib_footprint_issues]: The current configuration does not include the library ''.
    Local override; Severity: warning
    @(102.0000 mm, 138.0000 mm): Footprint J2

** Found 0 unconnected pads **

** Found 0 Footprint errors **

** End of Report **
